33 chunks, 764 tasks, 2611 dependencies; bad type/phase: []; deps not found: []
built 0 Management basics checklist 4
built 1.1 Build self-awareness to build mutual awareness 13
built 1.2 Say the thing you think you cannot say 3
built 1.3 Distinguish between management and leadership 3
built 1.4 Come back to your operating system 4
built 2.1 Founding documents 20
built 2.2 The operating system 39
built 2.3 Operating cadence 34
built 3.1 Recruiting 39
built 3.2 Hiring 46
built 3.3 Onboarding 53
built 3.4 Hiring mistakes 18
built 4.1 Team structures 37
built 4.2 Diagnosing team state 21
built 4.3 Team changes and restructuring 21
built 4.4 (Re)building the team 21
built 4.5 Creating the team environment 36
built 4.6 Team-building complexities 22
built 4.7 Diversity and inclusion 19
built 4.8 Team communication 24
built 5.1 Hypothesis-based coaching 19
built 5.2 Giving hard feedback 17
built 5.3 Creating a culture of informal feedback 21
built 5.4 The formal review process 29
Traceback (most recent call last):
  File "/Users/brandonacuna/Desktop/scaling-people:/extraction/s13/cu.py", line 10, in req
    with urllib.request.urlopen(r) as resp:
  File "/Library/Developer/CommandLineTools/Library/Frameworks/Python3.framework/Versions/3.9/lib/python3.9/urllib/request.py", line 214, in urlopen
    return opener.open(url, data, timeout)
  File "/Library/Developer/CommandLineTools/Library/Frameworks/Python3.framework/Versions/3.9/lib/python3.9/urllib/request.py", line 523, in open
    response = meth(req, response)
  File "/Library/Developer/CommandLineTools/Library/Frameworks/Python3.framework/Versions/3.9/lib/python3.9/urllib/request.py", line 632, in http_response
    response = self.parent.error(
  File "/Library/Developer/CommandLineTools/Library/Frameworks/Python3.framework/Versions/3.9/lib/python3.9/urllib/request.py", line 561, in error
    return self._call_chain(*args)
  File "/Library/Developer/CommandLineTools/Library/Frameworks/Python3.framework/Versions/3.9/lib/python3.9/urllib/request.py", line 494, in _call_chain
    result = func(*args)
  File "/Library/Developer/CommandLineTools/Library/Frameworks/Python3.framework/Versions/3.9/lib/python3.9/urllib/request.py", line 641, in http_error_default
    raise HTTPError(req.full_url, code, msg, hdrs, fp)
urllib.error.HTTPError: HTTP Error 403: Forbidden

During handling of the above exception, another exception occurred:

Traceback (most recent call last):
  File "/Users/brandonacuna/Desktop/scaling-people:/extraction/clickup-build/build.py", line 129, in <module>
    main()
  File "/Users/brandonacuna/Desktop/scaling-people:/extraction/clickup-build/build.py", line 110, in main
    r = cu.req('POST', f'list/{LIST}/task', {'name': t['name'], 'parent': ids[ck], 'markdown_description': t['desc'],
  File "/Users/brandonacuna/Desktop/scaling-people:/extraction/s13/cu.py", line 16, in req
    raise RuntimeError(f'{e.code} {method} {path}: {msg[:300]}')
RuntimeError: 403 POST list/901323485125/task: {"err":"Maximum number of subtasks in tree exceeded","ECODE":"ITEM_327"}
33 chunks, 764 tasks, 2611 dependencies; bad type/phase: []; deps not found: []
built 0 Management basics checklist 4
built 1.1 Build self-awareness to build mutual awareness 13
built 1.2 Say the thing you think you cannot say 3
built 1.3 Distinguish between management and leadership 3
built 1.4 Come back to your operating system 4
built 2.1 Founding documents 20
built 2.2 The operating system 39
built 2.3 Operating cadence 34
built 3.1 Recruiting 39
built 3.2 Hiring 46
built 3.3 Onboarding 53
built 3.4 Hiring mistakes 18
built 4.1 Team structures 37
built 4.2 Diagnosing team state 21
built 4.3 Team changes and restructuring 21
built 4.4 (Re)building the team 21
built 4.5 Creating the team environment 36
built 4.6 Team-building complexities 22
built 4.7 Diversity and inclusion 19
built 4.8 Team communication 24
built 5.1 Hypothesis-based coaching 19
built 5.2 Giving hard feedback 17
built 5.3 Creating a culture of informal feedback 21
built 5.4 The formal review process 29
built 5.5 Compensation 41
built 5.6 Managing high performers 19
built 5.7 The steady middle 14
built 5.8 Managing low performers 27
built 5.9 Managing managers 20
built 5.10 Managing out, firing, and layoffs 30
built 6.1 Manage your time and energy 20
built 6.2 Foster relationships 15
built 6.3 Consider your career 15
Traceback (most recent call last):
  File "/Library/Developer/CommandLineTools/Library/Frameworks/Python3.framework/Versions/3.9/lib/python3.9/urllib/request.py", line 1346, in do_open
    h.request(req.get_method(), req.selector, req.data, headers,
  File "/Library/Developer/CommandLineTools/Library/Frameworks/Python3.framework/Versions/3.9/lib/python3.9/http/client.py", line 1257, in request
    self._send_request(method, url, body, headers, encode_chunked)
  File "/Library/Developer/CommandLineTools/Library/Frameworks/Python3.framework/Versions/3.9/lib/python3.9/http/client.py", line 1303, in _send_request
    self.endheaders(body, encode_chunked=encode_chunked)
  File "/Library/Developer/CommandLineTools/Library/Frameworks/Python3.framework/Versions/3.9/lib/python3.9/http/client.py", line 1252, in endheaders
    self._send_output(message_body, encode_chunked=encode_chunked)
  File "/Library/Developer/CommandLineTools/Library/Frameworks/Python3.framework/Versions/3.9/lib/python3.9/http/client.py", line 1012, in _send_output
    self.send(msg)
  File "/Library/Developer/CommandLineTools/Library/Frameworks/Python3.framework/Versions/3.9/lib/python3.9/http/client.py", line 952, in send
    self.connect()
  File "/Library/Developer/CommandLineTools/Library/Frameworks/Python3.framework/Versions/3.9/lib/python3.9/http/client.py", line 1426, in connect
    self.sock = self._context.wrap_socket(self.sock,
  File "/Library/Developer/CommandLineTools/Library/Frameworks/Python3.framework/Versions/3.9/lib/python3.9/ssl.py", line 500, in wrap_socket
    return self.sslsocket_class._create(
  File "/Library/Developer/CommandLineTools/Library/Frameworks/Python3.framework/Versions/3.9/lib/python3.9/ssl.py", line 1040, in _create
    self.do_handshake()
  File "/Library/Developer/CommandLineTools/Library/Frameworks/Python3.framework/Versions/3.9/lib/python3.9/ssl.py", line 1309, in do_handshake
    self._sslobj.do_handshake()
TimeoutError: [Errno 60] Operation timed out

During handling of the above exception, another exception occurred:

Traceback (most recent call last):
  File "/Users/brandonacuna/Desktop/scaling-people:/extraction/clickup-build/build.py", line 129, in <module>
    main()
  File "/Users/brandonacuna/Desktop/scaling-people:/extraction/clickup-build/build.py", line 120, in main
    cu.req('POST', f'task/{ids[a]}/dependency', {'depends_on': ids[b]})
  File "/Users/brandonacuna/Desktop/scaling-people:/extraction/s13/cu.py", line 10, in req
    with urllib.request.urlopen(r) as resp:
  File "/Library/Developer/CommandLineTools/Library/Frameworks/Python3.framework/Versions/3.9/lib/python3.9/urllib/request.py", line 214, in urlopen
    return opener.open(url, data, timeout)
  File "/Library/Developer/CommandLineTools/Library/Frameworks/Python3.framework/Versions/3.9/lib/python3.9/urllib/request.py", line 517, in open
    response = self._open(req, data)
  File "/Library/Developer/CommandLineTools/Library/Frameworks/Python3.framework/Versions/3.9/lib/python3.9/urllib/request.py", line 534, in _open
    result = self._call_chain(self.handle_open, protocol, protocol +
  File "/Library/Developer/CommandLineTools/Library/Frameworks/Python3.framework/Versions/3.9/lib/python3.9/urllib/request.py", line 494, in _call_chain
    result = func(*args)
  File "/Library/Developer/CommandLineTools/Library/Frameworks/Python3.framework/Versions/3.9/lib/python3.9/urllib/request.py", line 1389, in https_open
    return self.do_open(http.client.HTTPSConnection, req,
  File "/Library/Developer/CommandLineTools/Library/Frameworks/Python3.framework/Versions/3.9/lib/python3.9/urllib/request.py", line 1349, in do_open
    raise URLError(err)
urllib.error.URLError: <urlopen error [Errno 60] Operation timed out>
33 chunks, 764 tasks, 2611 dependencies; bad type/phase: []; deps not found: []
built 0 Management basics checklist 4
built 1.1 Build self-awareness to build mutual awareness 13
built 1.2 Say the thing you think you cannot say 3
built 1.3 Distinguish between management and leadership 3
built 1.4 Come back to your operating system 4
built 2.1 Founding documents 20
built 2.2 The operating system 39
built 2.3 Operating cadence 34
built 3.1 Recruiting 39
built 3.2 Hiring 46
built 3.3 Onboarding 53
built 3.4 Hiring mistakes 18
built 4.1 Team structures 37
built 4.2 Diagnosing team state 21
built 4.3 Team changes and restructuring 21
built 4.4 (Re)building the team 21
built 4.5 Creating the team environment 36
built 4.6 Team-building complexities 22
built 4.7 Diversity and inclusion 19
built 4.8 Team communication 24
built 5.1 Hypothesis-based coaching 19
built 5.2 Giving hard feedback 17
built 5.3 Creating a culture of informal feedback 21
built 5.4 The formal review process 29
built 5.5 Compensation 41
built 5.6 Managing high performers 19
built 5.7 The steady middle 14
built 5.8 Managing low performers 27
built 5.9 Managing managers 20
built 5.10 Managing out, firing, and layoffs 30
built 6.1 Manage your time and energy 20
built 6.2 Foster relationships 15
built 6.3 Consider your career 15
dependencies 2611
